
============================================================
Started 2026-07-30 22:24:28
[22:24:28.870] ─ 桌面宠物启动 ─
[22:24:28.881] Qt 平台: offscreen
[22:24:28.959]   已加载: pet_longhair_transparent_idle.png
[22:24:29.030]   已加载: pet_longhair_transparent_happy.png
[22:24:29.097]   已加载: pet_longhair_transparent_clicked.png
[22:24:29.164]   已加载: pet_longhair_transparent_sleep.png
[22:24:29.164] 共加载 4/4 张静态图片
[22:24:29.203]   走动帧 left: 4/4 张
[22:24:29.239]   走动帧 right: 4/4 张
[22:24:29.240] 屏幕可用区域: left=0 top=0 800x800
[22:24:29.240] 请求位置: (310,310)  实际位置: (310,310)
[22:24:29.240] state=idle
[22:24:29.240] 动画计时器已启动  interval=16ms  (目标 60fps)
[22:24:29.240] 行为计时器已启动  interval=4000ms
[22:24:29.240] 首轮行为将在 1500ms 后触发
[22:24:29.240] 窗口已显示  pos=(310,310)  state=idle
[22:24:29.240] 日志文件: /home/aq/电子桌宠/desktop_pet.log
[22:24:30.741] [1859ms] 行为决策触发  当前state=idle  pos=(310,310)
[22:24:30.741]   -> 选择: 近距离溜达 (r=0.542)
[22:24:30.741] [1859ms] 走动 #1 开始: (310,310) -> (376,285)  距离=71px  时长=940ms  当前state=walking
[22:24:30.744]   walk_tick #   1  elapsed=    3ms  t=0.003  期望=(310,309)  实际=(310,309)
[22:24:30.968]   walk_tick #  15  elapsed=  227ms  t=0.241  期望=(319,306)  实际=(319,306)
[22:24:31.209]   walk_tick #  30  elapsed=  467ms  t=0.497  期望=(342,297)  实际=(342,297)
[22:24:31.449]   walk_tick #  45  elapsed=  707ms  t=0.752  期望=(365,288)  实际=(365,288)
[22:24:31.689]   walk_tick #  60  elapsed=  947ms  t=1.000  期望=(376,285)  实际=(376,285)
[22:24:31.689] [2807ms] 走动 #1 完成 -> (376,285)  共 60 帧  state -> idle
[22:24:33.124] [4243ms] 行为决策触发  当前state=idle  pos=(376,285)
[22:24:33.125]   -> 选择: 远距离走动 (r=0.467)
[22:24:33.125] [4243ms] 走动 #2 开始: (376,285) -> (542,234)  距离=174px  时长=1415ms  当前state=walking
[22:24:33.129]   walk_tick #   1  elapsed=    4ms  t=0.003  期望=(376,284)  实际=(376,284)
[22:24:33.353]   walk_tick #  15  elapsed=  228ms  t=0.161  期望=(387,281)  实际=(387,281)
[22:24:33.593]   walk_tick #  30  elapsed=  467ms  t=0.330  期望=(418,272)  实际=(418,272)
[22:24:33.833]   walk_tick #  45  elapsed=  707ms  t=0.500  期望=(458,259)  实际=(458,259)
[22:24:34.072]   walk_tick #  60  elapsed=  947ms  t=0.669  期望=(499,247)  实际=(499,247)
[22:24:34.313]   walk_tick #  75  elapsed= 1187ms  t=0.839  期望=(530,237)  实际=(530,237)
[22:24:34.553]   walk_tick #  90  elapsed= 1427ms  t=1.000  期望=(542,234)  实际=(542,234)
[22:24:34.553] [5671ms] 走动 #2 完成 -> (542,234)  共 90 帧  state -> idle
[22:24:37.124] [8242ms] 行为决策触发  当前state=idle  pos=(542,234)
[22:24:37.124]   -> 选择: 近距离溜达 (r=0.676)
[22:24:37.124] [8242ms] 走动 #3 开始: (542,234) -> (484,173)  距离=84px  时长=1124ms  当前state=walking
[22:24:37.128]   walk_tick #   1  elapsed=    4ms  t=0.004  期望=(541,233)  实际=(541,233)
[22:24:37.352]   walk_tick #  15  elapsed=  228ms  t=0.203  期望=(535,227)  实际=(535,227)
[22:24:37.593]   walk_tick #  30  elapsed=  468ms  t=0.416  期望=(520,211)  实际=(520,211)
[22:24:37.832]   walk_tick #  45  elapsed=  708ms  t=0.630  期望=(501,191)  实际=(501,191)
[22:24:38.073]   walk_tick #  60  elapsed=  948ms  t=0.843  期望=(487,177)  实际=(487,177)
[22:24:38.249]   walk_tick #  71  elapsed= 1124ms  t=1.000  期望=(484,173)  实际=(484,173)
[22:24:38.249] [9367ms] 走动 #3 完成 -> (484,173)  共 71 帧  state -> idle

============================================================
Started 2026-07-30 22:34:36
[22:34:36.147] ─ 桌面宠物启动 ─
[22:34:36.158] Qt 平台: xcb
[22:34:36.230]   已加载: pet_longhair_transparent_idle.png
[22:34:36.294]   已加载: pet_longhair_transparent_happy.png
[22:34:36.356]   已加载: pet_longhair_transparent_clicked.png
[22:34:36.419]   已加载: pet_longhair_transparent_sleep.png
[22:34:36.419] 共加载 4/4 张静态图片
[22:34:36.511]   走动帧 left: 4/4 张
[22:34:36.554]   走动帧 right: 4/4 张
[22:34:36.554] 屏幕可用区域: left=134 top=64 1853x1168
[22:34:36.554] 请求位置: (970,558)  实际位置: (970,558)
[22:34:36.555] state=idle
[22:34:36.555] 动画计时器已启动  interval=16ms  (目标 60fps)
[22:34:36.555] 行为计时器已启动  interval=4000ms
[22:34:36.555] 首轮行为将在 1500ms 后触发
[22:34:36.557] 窗口已显示  pos=(970,558)  state=idle
[22:34:36.557] 日志文件: /home/aq/电子桌宠/desktop_pet.log
[22:34:38.055] [1896ms] 行为决策触发  当前state=idle  pos=(970,558)
[22:34:38.055]   -> 选择: 远距离走动 (r=0.332)
[22:34:38.055] [1896ms] 走动 #1 开始: (970,558) -> (895,1048)  距离=496px  时长=945ms  当前state=walking
[22:34:38.060]   walk_tick #   1  elapsed=    4ms  t=0.004  期望=(969,558)  实际=(969,558)
[22:34:38.283]   walk_tick #  15  elapsed=  228ms  t=0.241  期望=(959,629)  实际=(959,629)
[22:34:38.523]   walk_tick #  30  elapsed=  468ms  t=0.495  期望=(933,799)  实际=(933,799)
[22:34:38.763]   walk_tick #  45  elapsed=  707ms  t=0.748  期望=(906,970)  实际=(906,970)
[22:34:39.003]   walk_tick #  60  elapsed=  947ms  t=1.000  期望=(895,1048)  实际=(895,1048)
[22:34:39.003] [2844ms] 走动 #1 完成 -> (895,1048)  共 60 帧  state -> idle
[22:34:40.624] [4465ms] 行为决策触发  当前state=idle  pos=(895,1020)
[22:34:40.624]   -> 选择: 近距离溜达 (r=0.757)
[22:34:40.625] [4466ms] 走动 #2 开始: (895,1020) -> (884,1052)  距离=34px  时长=1375ms  当前state=walking
[22:34:40.636]   walk_tick #   1  elapsed=   11ms  t=0.008  期望=(894,1020)  实际=(894,1020)
[22:34:40.860]   walk_tick #  15  elapsed=  234ms  t=0.170  期望=(894,1022)  实际=(894,1022)
[22:34:41.100]   walk_tick #  30  elapsed=  474ms  t=0.345  期望=(891,1028)  实际=(891,1028)
[22:34:41.339]   walk_tick #  45  elapsed=  714ms  t=0.519  期望=(889,1036)  实际=(889,1036)
[22:34:41.580]   walk_tick #  60  elapsed=  954ms  t=0.694  期望=(886,1044)  实际=(886,1044)
[22:34:41.819]   walk_tick #  75  elapsed= 1194ms  t=0.868  期望=(884,1050)  实际=(884,1050)
[22:34:42.011]   walk_tick #  87  elapsed= 1386ms  t=1.000  期望=(884,1052)  实际=(884,1052)
[22:34:42.012] [5853ms] 走动 #2 完成 -> (884,1052)  共 87 帧  state -> idle
[22:34:44.623] [8465ms] 行为决策触发  当前state=idle  pos=(884,1020)
[22:34:44.624]   -> 选择: 远距离走动 (r=0.332)
[22:34:44.624] [8465ms] 走动 #3 开始: (884,1020) -> (1017,889)  距离=187px  时长=1871ms  当前state=walking
[22:34:44.635]   walk_tick #   1  elapsed=   11ms  t=0.006  期望=(884,1019)  实际=(884,1019)
[22:34:44.859]   walk_tick #  15  elapsed=  235ms  t=0.126  期望=(889,1014)  实际=(889,1014)
[22:34:45.100]   walk_tick #  30  elapsed=  475ms  t=0.254  期望=(905,998)  实际=(905,998)
[22:34:45.340]   walk_tick #  45  elapsed=  715ms  t=0.382  期望=(927,977)  实际=(927,977)
[22:34:45.579]   walk_tick #  60  elapsed=  955ms  t=0.510  期望=(952,952)  实际=(952,952)
[22:34:45.819]   walk_tick #  75  elapsed= 1195ms  t=0.639  期望=(977,927)  实际=(977,927)
[22:34:46.059]   walk_tick #  90  elapsed= 1435ms  t=0.767  期望=(998,907)  实际=(998,907)
[22:34:46.299]   walk_tick # 105  elapsed= 1675ms  t=0.895  期望=(1012,893)  实际=(1012,893)
[22:34:46.507]   walk_tick # 118  elapsed= 1883ms  t=1.000  期望=(1017,889)  实际=(1017,889)
[22:34:46.508] [10349ms] 走动 #3 完成 -> (1017,889)  共 118 帧  state -> idle
[22:34:48.623] [12465ms] 行为决策触发  当前state=idle  pos=(1017,889)
[22:34:48.624]   -> 选择: 发呆不动 (r=0.895)
[22:34:52.624] [16465ms] 行为决策触发  当前state=idle  pos=(1017,889)
[22:34:52.624]   -> 选择: 远距离走动 (r=0.078)
[22:34:52.624] [16465ms] 走动 #4 开始: (1017,889) -> (1635,856)  距离=619px  时长=1444ms  当前state=walking
[22:34:52.635]   walk_tick #   1  elapsed=   11ms  t=0.008  期望=(1017,888)  实际=(1017,888)
[22:34:52.859]   walk_tick #  15  elapsed=  234ms  t=0.162  期望=(1060,886)  实际=(1060,886)
[22:34:53.099]   walk_tick #  30  elapsed=  474ms  t=0.328  期望=(1173,880)  实际=(1173,880)
[22:34:53.339]   walk_tick #  45  elapsed=  714ms  t=0.494  期望=(1320,872)  实际=(1320,872)
[22:34:53.579]   walk_tick #  60  elapsed=  955ms  t=0.661  期望=(1470,864)  实际=(1470,864)
[22:34:53.820]   walk_tick #  75  elapsed= 1195ms  t=0.828  期望=(1586,858)  实际=(1586,858)
[22:34:54.059]   walk_tick #  90  elapsed= 1435ms  t=0.994  期望=(1634,856)  实际=(1634,856)
[22:34:54.076]   walk_tick #  91  elapsed= 1451ms  t=1.000  期望=(1635,856)  实际=(1635,856)
[22:34:54.076] [17917ms] 走动 #4 完成 -> (1635,856)  共 91 帧  state -> idle
[22:34:56.624] [20465ms] 行为决策触发  当前state=idle  pos=(1635,856)
[22:34:56.624]   -> 选择: 近距离溜达 (r=0.771)
[22:34:56.624] [20466ms] 走动 #5 开始: (1635,856) -> (1605,912)  距离=64px  时长=1746ms  当前state=walking
[22:34:56.636]   walk_tick #   1  elapsed=   11ms  t=0.006  期望=(1634,856)  实际=(1634,856)
[22:34:56.859]   walk_tick #  15  elapsed=  234ms  t=0.134  期望=(1633,858)  实际=(1633,858)
[22:34:57.099]   walk_tick #  30  elapsed=  474ms  t=0.271  期望=(1629,866)  实际=(1629,866)
[22:34:57.339]   walk_tick #  45  elapsed=  714ms  t=0.409  期望=(1624,876)  实际=(1624,876)
[22:34:57.580]   walk_tick #  60  elapsed=  955ms  t=0.547  期望=(1617,887)  实际=(1617,887)
[22:34:57.819]   walk_tick #  75  elapsed= 1194ms  t=0.684  期望=(1612,898)  实际=(1612,898)
[22:34:58.059]   walk_tick #  90  elapsed= 1434ms  t=0.821  期望=(1607,907)  实际=(1607,907)
[22:34:58.299]   walk_tick # 105  elapsed= 1674ms  t=0.959  期望=(1605,911)  实际=(1605,911)
[22:34:58.379]   walk_tick # 110  elapsed= 1754ms  t=1.000  期望=(1605,912)  实际=(1605,912)
[22:34:58.380] [22221ms] 走动 #5 完成 -> (1605,912)  共 110 帧  state -> idle
[22:35:00.624] [24465ms] 行为决策触发  当前state=idle  pos=(1605,912)
[22:35:00.624]   -> 选择: 近距离溜达 (r=0.516)
[22:35:00.625] [24466ms] 走动 #6 开始: (1605,912) -> (1589,860)  距离=54px  时长=1277ms  当前state=walking
[22:35:00.636]   walk_tick #   1  elapsed=   11ms  t=0.009  期望=(1604,911)  实际=(1604,911)
[22:35:00.859]   walk_tick #  15  elapsed=  234ms  t=0.183  期望=(1603,907)  实际=(1603,907)
[22:35:01.100]   walk_tick #  30  elapsed=  475ms  t=0.372  期望=(1600,895)  实际=(1600,895)
[22:35:01.340]   walk_tick #  45  elapsed=  714ms  t=0.559  期望=(1595,881)  实际=(1595,881)
[22:35:01.579]   walk_tick #  60  elapsed=  954ms  t=0.747  期望=(1591,868)  实际=(1591,868)
[22:35:01.820]   walk_tick #  75  elapsed= 1195ms  t=0.936  期望=(1589,860)  实际=(1589,860)
[22:35:01.916]   walk_tick #  81  elapsed= 1291ms  t=1.000  期望=(1589,860)  实际=(1589,860)
[22:35:01.916] [25757ms] 走动 #6 完成 -> (1589,860)  共 81 帧  state -> idle
[22:35:04.624] [28465ms] 行为决策触发  当前state=idle  pos=(1589,860)
[22:35:04.624]   -> 选择: 远距离走动 (r=0.452)
[22:35:04.624] [28466ms] 走动 #7 开始: (1589,860) -> (1271,474)  距离=500px  时长=1215ms  当前state=walking
[22:35:04.636]   walk_tick #   1  elapsed=   11ms  t=0.009  期望=(1588,859)  实际=(1588,859)
[22:35:04.859]   walk_tick #  15  elapsed=  234ms  t=0.193  期望=(1558,822)  实际=(1558,822)
[22:35:05.099]   walk_tick #  30  elapsed=  474ms  t=0.390  期望=(1481,729)  实际=(1481,729)
[22:35:05.339]   walk_tick #  45  elapsed=  714ms  t=0.588  期望=(1388,616)  实际=(1388,616)
[22:35:05.580]   walk_tick #  60  elapsed=  955ms  t=0.786  期望=(1308,519)  实际=(1308,519)
[22:35:05.819]   walk_tick #  75  elapsed= 1194ms  t=0.983  期望=(1271,474)  实际=(1271,474)
[22:35:05.851]   walk_tick #  77  elapsed= 1226ms  t=1.000  期望=(1271,474)  实际=(1271,474)
[22:35:05.851] [29693ms] 走动 #7 完成 -> (1271,474)  共 77 帧  state -> idle
[22:35:08.624] [32465ms] 行为决策触发  当前state=idle  pos=(1271,474)
[22:35:08.624]   -> 选择: 远距离走动 (r=0.370)
[22:35:08.625] [32466ms] 走动 #8 开始: (1271,474) -> (624,829)  距离=738px  时长=1767ms  当前state=walking
[22:35:08.635]   walk_tick #   1  elapsed=   10ms  t=0.006  期望=(1270,474)  实际=(1270,474)
[22:35:08.859]   walk_tick #  15  elapsed=  234ms  t=0.132  期望=(1239,491)  实际=(1239,491)
[22:35:09.099]   walk_tick #  30  elapsed=  474ms  t=0.268  期望=(1156,536)  实际=(1156,536)
[22:35:09.340]   walk_tick #  45  elapsed=  715ms  t=0.405  期望=(1038,601)  实际=(1038,601)
[22:35:09.580]   walk_tick #  60  elapsed=  954ms  t=0.540  期望=(908,672)  实际=(908,672)
[22:35:09.819]   walk_tick #  75  elapsed= 1194ms  t=0.676  期望=(783,741)  实际=(783,741)
[22:35:10.059]   walk_tick #  90  elapsed= 1434ms  t=0.812  期望=(684,795)  实际=(684,795)
[22:35:10.299]   walk_tick # 105  elapsed= 1674ms  t=0.947  期望=(629,826)  实际=(629,826)
[22:35:10.395]   walk_tick # 111  elapsed= 1770ms  t=1.000  期望=(624,829)  实际=(624,829)
[22:35:10.395] [34236ms] 走动 #8 完成 -> (624,829)  共 111 帧  state -> idle
[22:35:12.624] [36465ms] 行为决策触发  当前state=idle  pos=(624,829)
[22:35:12.624]   -> 选择: 远距离走动 (r=0.213)
[22:35:12.624] [36466ms] 走动 #9 开始: (624,829) -> (999,174)  距离=755px  时长=1245ms  当前state=walking
[22:35:12.636]   walk_tick #   1  elapsed=   11ms  t=0.009  期望=(624,828)  实际=(624,828)
[22:35:12.859]   walk_tick #  15  elapsed=  234ms  t=0.188  期望=(658,768)  实际=(658,768)
[22:35:13.100]   walk_tick #  30  elapsed=  475ms  t=0.382  期望=(746,615)  实际=(746,615)
[22:35:13.340]   walk_tick #  45  elapsed=  715ms  t=0.574  期望=(852,429)  实际=(852,429)
[22:35:13.579]   walk_tick #  60  elapsed=  954ms  t=0.766  期望=(947,264)  实际=(947,264)
[22:35:13.819]   walk_tick #  75  elapsed= 1194ms  t=0.959  期望=(997,177)  实际=(997,177)
[22:35:13.884]   walk_tick #  79  elapsed= 1259ms  t=1.000  期望=(999,174)  实际=(999,174)
[22:35:13.884] [37725ms] 走动 #9 完成 -> (999,174)  共 79 帧  state -> idle
[22:35:16.624] [40465ms] 行为决策触发  当前state=idle  pos=(999,174)
[22:35:16.624]   -> 选择: 远距离走动 (r=0.146)
[22:35:16.624] [40466ms] 走动 #10 开始: (999,174) -> (1329,307)  距离=356px  时长=1170ms  当前state=walking
[22:35:16.636]   walk_tick #   1  elapsed=   11ms  t=0.009  期望=(999,174)  实际=(999,174)
[22:35:16.860]   walk_tick #  15  elapsed=  235ms  t=0.201  期望=(1033,187)  实际=(1033,187)
[22:35:17.099]   walk_tick #  30  elapsed=  474ms  t=0.405  期望=(1117,221)  实际=(1117,221)
[22:35:17.339]   walk_tick #  45  elapsed=  714ms  t=0.610  期望=(1217,262)  实际=(1217,262)
[22:35:17.579]   walk_tick #  60  elapsed=  954ms  t=0.815  期望=(1299,295)  实际=(1299,295)
[22:35:17.803]   walk_tick #  74  elapsed= 1178ms  t=1.000  期望=(1329,307)  实际=(1329,307)
[22:35:17.804] [41645ms] 走动 #10 完成 -> (1329,307)  共 74 帧  state -> idle
[22:35:20.624] [44465ms] 行为决策触发  当前state=idle  pos=(1329,307)
[22:35:20.624]   -> 选择: 近距离溜达 (r=0.836)
[22:35:20.625] [44466ms] 走动 #11 开始: (1329,307) -> (1413,346)  距离=93px  时长=1082ms  当前state=walking
[22:35:20.636]   walk_tick #   1  elapsed=   11ms  t=0.010  期望=(1329,307)  实际=(1329,307)
[22:35:20.860]   walk_tick #  15  elapsed=  235ms  t=0.217  期望=(1339,311)  实际=(1339,311)
[22:35:21.099]   walk_tick #  30  elapsed=  474ms  t=0.438  期望=(1363,322)  实际=(1363,322)
[22:35:21.340]   walk_tick #  45  elapsed=  714ms  t=0.660  期望=(1390,335)  实际=(1390,335)
[22:35:21.579]   walk_tick #  60  elapsed=  954ms  t=0.882  期望=(1409,344)  实际=(1409,344)
[22:35:21.707]   walk_tick #  68  elapsed= 1082ms  t=1.000  期望=(1413,346)  实际=(1413,346)
[22:35:21.708] [45549ms] 走动 #11 完成 -> (1413,346)  共 68 帧  state -> idle
[22:35:24.624] [48465ms] 行为决策触发  当前state=idle  pos=(1413,346)
[22:35:24.624]   -> 选择: 远距离走动 (r=0.144)
[22:35:24.624] [48465ms] 走动 #12 开始: (1413,346) -> (423,644)  距离=1034px  时长=1229ms  当前state=walking
[22:35:24.635]   walk_tick #   1  elapsed=   11ms  t=0.009  期望=(1412,346)  实际=(1412,346)
[22:35:24.859]   walk_tick #  15  elapsed=  234ms  t=0.190  期望=(1318,374)  实际=(1318,374)
[22:35:25.099]   walk_tick #  30  elapsed=  474ms  t=0.386  期望=(1084,444)  实际=(1084,444)
[22:35:25.339]   walk_tick #  45  elapsed=  714ms  t=0.581  期望=(798,530)  实际=(798,530)
[22:35:25.579]   walk_tick #  60  elapsed=  955ms  t=0.777  期望=(548,606)  实际=(548,606)
[22:35:25.819]   walk_tick #  75  elapsed= 1195ms  t=0.972  期望=(425,643)  实际=(425,643)
[22:35:25.868]   walk_tick #  78  elapsed= 1243ms  t=1.000  期望=(423,644)  实际=(423,644)
[22:35:25.868] [49709ms] 走动 #12 完成 -> (423,644)  共 78 帧  state -> idle
[22:35:28.624] [52465ms] 行为决策触发  当前state=idle  pos=(423,644)
[22:35:28.624]   -> 选择: 近距离溜达 (r=0.752)
[22:35:28.624] [52465ms] 走动 #13 开始: (423,644) -> (407,693)  距离=52px  时长=1151ms  当前state=walking
[22:35:28.635]   walk_tick #   1  elapsed=   11ms  t=0.010  期望=(422,644)  实际=(422,644)
[22:35:28.860]   walk_tick #  15  elapsed=  235ms  t=0.204  期望=(421,649)  实际=(421,649)
[22:35:29.100]   walk_tick #  30  elapsed=  475ms  t=0.413  期望=(417,662)  实际=(417,662)
[22:35:29.339]   walk_tick #  45  elapsed=  715ms  t=0.621  期望=(412,677)  实际=(412,677)
[22:35:29.580]   walk_tick #  60  elapsed=  955ms  t=0.830  期望=(408,689)  实际=(408,689)
[22:35:29.787]   walk_tick #  73  elapsed= 1163ms  t=1.000  期望=(407,693)  实际=(407,693)
[22:35:29.787] [53629ms] 走动 #13 完成 -> (407,693)  共 73 帧  state -> idle
[22:35:32.624] [56465ms] 行为决策触发  当前state=idle  pos=(407,693)
[22:35:32.624]   -> 选择: 近距离溜达 (r=0.788)
[22:35:32.624] [56465ms] 走动 #14 开始: (407,693) -> (427,697)  距离=20px  时长=1929ms  当前state=walking
[22:35:32.635]   walk_tick #   1  elapsed=   11ms  t=0.006  期望=(407,693)  实际=(407,693)
[22:35:32.860]   walk_tick #  15  elapsed=  235ms  t=0.122  期望=(407,693)  实际=(407,693)
[22:35:33.100]   walk_tick #  30  elapsed=  476ms  t=0.247  期望=(410,693)  实际=(410,693)
[22:35:33.340]   walk_tick #  45  elapsed=  715ms  t=0.371  期望=(413,694)  实际=(413,694)
[22:35:33.579]   walk_tick #  60  elapsed=  955ms  t=0.495  期望=(416,694)  实际=(416,694)
[22:35:33.819]   walk_tick #  75  elapsed= 1194ms  t=0.619  期望=(420,695)  实际=(420,695)
[22:35:34.059]   walk_tick #  90  elapsed= 1435ms  t=0.744  期望=(423,696)  实际=(423,696)
[22:35:34.299]   walk_tick # 105  elapsed= 1675ms  t=0.868  期望=(426,696)  实际=(426,696)
[22:35:34.539]   walk_tick # 120  elapsed= 1915ms  t=0.993  期望=(426,696)  实际=(426,696)
[22:35:34.556]   walk_tick # 121  elapsed= 1931ms  t=1.000  期望=(427,697)  实际=(427,697)
[22:35:34.556] [58397ms] 走动 #14 完成 -> (427,697)  共 121 帧  state -> idle
[22:35:36.624] [60465ms] 行为决策触发  当前state=idle  pos=(427,697)
[22:35:36.624]   -> 选择: 远距离走动 (r=0.478)
[22:35:36.624] [60465ms] 走动 #15 开始: (427,697) -> (1591,904)  距离=1182px  时长=816ms  当前state=walking
[22:35:36.635]   walk_tick #   1  elapsed=   11ms  t=0.013  期望=(427,697)  实际=(427,697)
[22:35:36.859]   walk_tick #  15  elapsed=  235ms  t=0.288  期望=(661,738)  实际=(661,738)
[22:35:37.099]   walk_tick #  30  elapsed=  475ms  t=0.582  期望=(1151,825)  实际=(1151,825)
[22:35:37.339]   walk_tick #  45  elapsed=  715ms  t=0.876  期望=(1541,895)  实际=(1541,895)
[22:35:37.452]   walk_tick #  52  elapsed=  827ms  t=1.000  期望=(1591,904)  实际=(1591,904)
[22:35:37.452] [61293ms] 走动 #15 完成 -> (1591,904)  共 52 帧  state -> idle
[22:35:40.624] [64465ms] 行为决策触发  当前state=idle  pos=(1591,904)
[22:35:40.624]   -> 选择: 发呆不动 (r=0.902)
[22:35:44.624] [68465ms] 行为决策触发  当前state=idle  pos=(1591,904)
[22:35:44.624]   -> 选择: 远距离走动 (r=0.487)
[22:35:44.624] [68465ms] 走动 #16 开始: (1591,904) -> (1449,895)  距离=142px  时长=1140ms  当前state=walking
[22:35:44.636]   walk_tick #   1  elapsed=   11ms  t=0.010  期望=(1590,903)  实际=(1590,903)
[22:35:44.860]   walk_tick #  15  elapsed=  235ms  t=0.206  期望=(1575,903)  实际=(1575,903)
[22:35:45.100]   walk_tick #  30  elapsed=  475ms  t=0.417  期望=(1537,900)  实际=(1537,900)
[22:35:45.339]   walk_tick #  45  elapsed=  714ms  t=0.626  期望=(1493,897)  实际=(1493,897)
[22:35:45.579]   walk_tick #  60  elapsed=  955ms  t=0.838  期望=(1459,895)  实际=(1459,895)
[22:35:45.771]   walk_tick #  72  elapsed= 1146ms  t=1.000  期望=(1449,895)  实际=(1449,895)
[22:35:45.771] [69612ms] 走动 #16 完成 -> (1449,895)  共 72 帧  state -> idle
[22:35:48.624] [72465ms] 行为决策触发  当前state=idle  pos=(1449,895)
[22:35:48.624]   -> 选择: 发呆不动 (r=0.857)
[22:35:52.624] [76465ms] 行为决策触发  当前state=idle  pos=(1449,895)
[22:35:52.624]   -> 选择: 远距离走动 (r=0.308)
[22:35:52.625] [76466ms] 走动 #17 开始: (1449,895) -> (1193,452)  距离=512px  时长=1479ms  当前state=walking
[22:35:52.636]   walk_tick #   1  elapsed=   11ms  t=0.007  期望=(1448,894)  实际=(1448,894)
[22:35:52.859]   walk_tick #  15  elapsed=  234ms  t=0.158  期望=(1431,865)  实际=(1431,865)
[22:35:53.099]   walk_tick #  30  elapsed=  474ms  t=0.320  期望=(1386,787)  实际=(1386,787)
[22:35:53.339]   walk_tick #  45  elapsed=  714ms  t=0.483  期望=(1327,684)  实际=(1327,684)
[22:35:53.580]   walk_tick #  60  elapsed=  955ms  t=0.646  期望=(1266,579)  实际=(1266,579)
[22:35:53.820]   walk_tick #  75  elapsed= 1194ms  t=0.807  期望=(1217,495)  实际=(1217,495)
[22:35:54.059]   walk_tick #  90  elapsed= 1434ms  t=0.970  期望=(1193,453)  实际=(1193,453)
[22:35:54.107]   walk_tick #  93  elapsed= 1482ms  t=1.000  期望=(1193,452)  实际=(1193,452)
[22:35:54.108] [77949ms] 走动 #17 完成 -> (1193,452)  共 93 帧  state -> idle
[22:35:56.624] [80465ms] 行为决策触发  当前state=idle  pos=(1193,452)
[22:35:56.624]   -> 选择: 近距离溜达 (r=0.763)
[22:35:56.625] [80466ms] 走动 #18 开始: (1193,452) -> (1097,411)  距离=104px  时长=1027ms  当前state=walking
[22:35:56.635]   walk_tick #   1  elapsed=   10ms  t=0.010  期望=(1192,451)  实际=(1192,451)
[22:35:56.860]   walk_tick #  15  elapsed=  235ms  t=0.229  期望=(1180,446)  实际=(1180,446)
[22:35:57.099]   walk_tick #  30  elapsed=  474ms  t=0.462  期望=(1150,433)  实际=(1150,433)
[22:35:57.339]   walk_tick #  45  elapsed=  714ms  t=0.695  期望=(1118,420)  实际=(1118,420)
[22:35:57.579]   walk_tick #  60  elapsed=  954ms  t=0.929  期望=(1098,411)  实际=(1098,411)
[22:35:57.659]   walk_tick #  65  elapsed= 1034ms  t=1.000  期望=(1097,411)  实际=(1097,411)
[22:35:57.659] [81500ms] 走动 #18 完成 -> (1097,411)  共 65 帧  state -> idle
[22:36:00.624] [84465ms] 行为决策触发  当前state=idle  pos=(1097,411)
[22:36:00.624]   -> 选择: 远距离走动 (r=0.135)
[22:36:00.624] [84465ms] 走动 #19 开始: (1097,411) -> (1404,1010)  距离=673px  时长=1841ms  当前state=walking
[22:36:00.635]   walk_tick #   1  elapsed=   11ms  t=0.006  期望=(1097,411)  实际=(1097,411)
[22:36:00.859]   walk_tick #  15  elapsed=  235ms  t=0.128  期望=(1110,437)  实际=(1110,437)
[22:36:01.099]   walk_tick #  30  elapsed=  474ms  t=0.257  期望=(1147,509)  实际=(1147,509)
[22:36:01.339]   walk_tick #  45  elapsed=  715ms  t=0.388  期望=(1199,611)  实际=(1199,611)
[22:36:01.579]   walk_tick #  60  elapsed=  955ms  t=0.519  期望=(1259,727)  实际=(1259,727)
[22:36:01.819]   walk_tick #  75  elapsed= 1195ms  t=0.649  期望=(1317,840)  实际=(1317,840)
[22:36:02.060]   walk_tick #  90  elapsed= 1435ms  t=0.779  期望=(1365,935)  实际=(1365,935)
[22:36:02.299]   walk_tick # 105  elapsed= 1675ms  t=0.910  期望=(1396,996)  实际=(1396,996)
[22:36:02.475]   walk_tick # 116  elapsed= 1851ms  t=1.000  期望=(1404,1010)  实际=(1404,1010)
[22:36:02.476] [86317ms] 走动 #19 完成 -> (1404,1010)  共 116 帧  state -> idle
[22:36:04.624] [88465ms] 行为决策触发  当前state=idle  pos=(1404,1010)
[22:36:04.624]   -> 选择: 近距离溜达 (r=0.803)
[22:36:04.625] [88466ms] 走动 #20 开始: (1404,1010) -> (1443,955)  距离=67px  时长=1136ms  当前state=walking
[22:36:04.635]   walk_tick #   1  elapsed=   10ms  t=0.009  期望=(1404,1009)  实际=(1404,1009)
[22:36:04.859]   walk_tick #  15  elapsed=  234ms  t=0.206  期望=(1408,1003)  实际=(1408,1003)
[22:36:05.100]   walk_tick #  30  elapsed=  475ms  t=0.418  期望=(1418,989)  实际=(1418,989)
[22:36:05.340]   walk_tick #  45  elapsed=  714ms  t=0.629  期望=(1430,972)  实际=(1430,972)
[22:36:05.580]   walk_tick #  60  elapsed=  955ms  t=0.841  期望=(1440,958)  实际=(1440,958)
[22:36:05.771]   walk_tick #  72  elapsed= 1146ms  t=1.000  期望=(1443,955)  实际=(1443,955)
[22:36:05.771] [89613ms] 走动 #20 完成 -> (1443,955)  共 72 帧  state -> idle
[22:36:08.624] [92465ms] 行为决策触发  当前state=idle  pos=(1443,955)
[22:36:08.624]   -> 选择: 近距离溜达 (r=0.783)
[22:36:08.624] [92465ms] 走动 #21 开始: (1443,955) -> (1483,902)  距离=66px  时长=1731ms  当前state=walking
[22:36:08.636]   walk_tick #   1  elapsed=   11ms  t=0.006  期望=(1443,954)  实际=(1443,954)
[22:36:08.860]   walk_tick #  15  elapsed=  235ms  t=0.136  期望=(1445,952)  实际=(1445,952)
[22:36:09.099]   walk_tick #  30  elapsed=  474ms  t=0.274  期望=(1450,945)  实际=(1450,945)
[22:36:09.340]   walk_tick #  45  elapsed=  715ms  t=0.413  期望=(1457,935)  实际=(1457,935)
[22:36:09.579]   walk_tick #  60  elapsed=  955ms  t=0.552  期望=(1466,924)  实际=(1466,924)
[22:36:09.819]   walk_tick #  75  elapsed= 1195ms  t=0.690  期望=(1473,914)  实际=(1473,914)
[22:36:10.059]   walk_tick #  90  elapsed= 1435ms  t=0.829  期望=(1479,906)  实际=(1479,906)
[22:36:10.300]   walk_tick # 105  elapsed= 1675ms  t=0.968  期望=(1482,902)  实际=(1482,902)
[22:36:10.363]   walk_tick # 109  elapsed= 1738ms  t=1.000  期望=(1483,902)  实际=(1483,902)
[22:36:10.363] [94204ms] 走动 #21 完成 -> (1483,902)  共 109 帧  state -> idle
[22:36:12.624] [96465ms] 行为决策触发  当前state=idle  pos=(1483,902)
[22:36:12.624]   -> 选择: 远距离走动 (r=0.071)
[22:36:12.631] [96473ms] 走动 #22 开始: (1483,902) -> (1718,781)  距离=264px  时长=1787ms  当前state=walking
[22:36:12.636]   walk_tick #   1  elapsed=    4ms  t=0.002  期望=(1483,901)  实际=(1483,901)
[22:36:12.859]   walk_tick #  15  elapsed=  227ms  t=0.127  期望=(1493,896)  实际=(1493,896)
[22:36:13.099]   walk_tick #  30  elapsed=  468ms  t=0.262  期望=(1522,881)  实际=(1522,881)
[22:36:13.339]   walk_tick #  45  elapsed=  707ms  t=0.396  期望=(1564,860)  实际=(1564,860)
[22:36:13.579]   walk_tick #  60  elapsed=  947ms  t=0.530  期望=(1611,836)  实际=(1611,836)
[22:36:13.820]   walk_tick #  75  elapsed= 1188ms  t=0.665  期望=(1656,812)  实际=(1656,812)
[22:36:14.060]   walk_tick #  90  elapsed= 1428ms  t=0.799  期望=(1693,793)  实际=(1693,793)
[22:36:14.299]   walk_tick # 105  elapsed= 1667ms  t=0.933  期望=(1714,782)  实际=(1714,782)
[22:36:14.428]   walk_tick # 113  elapsed= 1796ms  t=1.000  期望=(1718,781)  实际=(1718,781)
[22:36:14.428] [98269ms] 走动 #22 完成 -> (1718,781)  共 113 帧  state -> idle
[22:36:15.507] [99348ms] 鼠标按下 (右键) — 弹出菜单
[22:36:16.624] [100465ms] 行为决策触发  当前state=idle  pos=(1718,781)
[22:36:16.624]   -> 选择: 远距离走动 (r=0.170)
[22:36:16.624] [100465ms] 走动 #23 开始: (1718,781) -> (656,405)  距离=1127px  时长=847ms  当前state=walking
[22:36:16.635]   walk_tick #   1  elapsed=   11ms  t=0.013  期望=(1717,780)  实际=(1717,780)
[22:36:16.859]   walk_tick #  15  elapsed=  235ms  t=0.277  期望=(1518,710)  实际=(1518,710)
[22:36:17.099]   walk_tick #  30  elapsed=  474ms  t=0.560  期望=(1092,559)  实际=(1092,559)
[22:36:17.144] [100986ms] 状态变更: walking -> happy
[22:36:18.834] [102675ms] 鼠标按下 (右键) — 弹出菜单
[22:36:20.134]   pixmap: happy -> sleep
[22:36:20.134] [103975ms] 状态变更: happy -> sleep
[22:36:20.624] [104465ms] 行为决策触发  当前state=sleep  pos=(1031,538)
[22:36:20.624]   -> 跳过 (state=sleep 不可打断)
